Archive member included because of file (symbol)

/home/jay/workspace/fsl-release-bsp/imx6qsabresd-build/tmp/sysroots/imx6qsabresd/usr/lib/arm-poky-linux-gnueabi/4.9.2/libgcc.a(_udivsi3.o)
                              arch/arm/cpu/armv7/built-in.o (__aeabi_uidiv)
/home/jay/workspace/fsl-release-bsp/imx6qsabresd-build/tmp/sysroots/imx6qsabresd/usr/lib/arm-poky-linux-gnueabi/4.9.2/libgcc.a(_divsi3.o)
                              common/built-in.o (__aeabi_idiv)
/home/jay/workspace/fsl-release-bsp/imx6qsabresd-build/tmp/sysroots/imx6qsabresd/usr/lib/arm-poky-linux-gnueabi/4.9.2/libgcc.a(_lshrdi3.o)
                              fs/built-in.o (__aeabi_llsr)
/home/jay/workspace/fsl-release-bsp/imx6qsabresd-build/tmp/sysroots/imx6qsabresd/usr/lib/arm-poky-linux-gnueabi/4.9.2/libgcc.a(_ashldi3.o)
                              drivers/mmc/built-in.o (__aeabi_llsl)
/home/jay/workspace/fsl-release-bsp/imx6qsabresd-build/tmp/sysroots/imx6qsabresd/usr/lib/arm-poky-linux-gnueabi/4.9.2/libgcc.a(_dvmd_lnx.o)
                              /home/jay/workspace/fsl-release-bsp/imx6qsabresd-build/tmp/sysroots/imx6qsabresd/usr/lib/arm-poky-linux-gnueabi/4.9.2/libgcc.a(_udivsi3.o) (__aeabi_idiv0)

Discarded input sections

 .data          0x0000000000000000        0x0 arch/arm/cpu/armv7/start.o
 .bss           0x0000000000000000        0x0 arch/arm/cpu/armv7/start.o
 .text.v7_outer_cache_flush_all
                0x0000000000000000        0x4 arch/arm/cpu/armv7/built-in.o
 .text.v7_outer_cache_inval_all
                0x0000000000000000        0x4 arch/arm/cpu/armv7/built-in.o
 .text.v7_outer_cache_flush_range
                0x0000000000000000        0x4 arch/arm/cpu/armv7/built-in.o
 .text.v7_outer_cache_inval_range
                0x0000000000000000        0x4 arch/arm/cpu/armv7/built-in.o
 .text.v7_arch_cp15_set_l2aux_ctrl
                0x0000000000000000        0x8 arch/arm/cpu/armv7/built-in.o
 .text.v7_arch_cp15_set_acr
                0x0000000000000000        0x8 arch/arm/cpu/armv7/built-in.o
 .text.sdelay   0x0000000000000000        0xc arch/arm/cpu/armv7/built-in.o
 .text.wait_on_value
                0x0000000000000000       0x34 arch/arm/cpu/armv7/built-in.o
 .text.get_boot_device
                0x0000000000000000       0x9c arch/arm/cpu/armv7/built-in.o
 .text.set_arm_freq_400M
                0x0000000000000000       0x2c arch/arm/cpu/armv7/built-in.o
 .text.enable_enet_pll
                0x0000000000000000       0x68 arch/arm/cpu/armv7/built-in.o
 .text.enable_enet_clk
                0x0000000000000000       0x24 arch/arm/cpu/armv7/built-in.o
 .text.enable_uart_clk
                0x0000000000000000       0x24 arch/arm/cpu/armv7/built-in.o
 .text.enable_usdhc_clk
                0x0000000000000000       0x4c arch/arm/cpu/armv7/built-in.o
 .text.enable_spi_clk
                0x0000000000000000       0x44 arch/arm/cpu/armv7/built-in.o
 .text.enable_fec_anatop_clock
                0x0000000000000000       0x98 arch/arm/cpu/armv7/built-in.o
 .text.enable_sata_clock
                0x0000000000000000       0x1c arch/arm/cpu/armv7/built-in.o
 .text.disable_sata_clock
                0x0000000000000000       0x18 arch/arm/cpu/armv7/built-in.o
 .text.enable_pcie_clock
                0x0000000000000000       0x70 arch/arm/cpu/armv7/built-in.o
 .data          0x0000000000000000        0x0 arch/arm/cpu/armv7/built-in.o
 .bss           0x0000000000000000        0x0 arch/arm/cpu/armv7/built-in.o
 .text          0x0000000000000000        0x0 arch/arm/imx-common/built-in.o
 .text.get_imx_reset_cause
                0x0000000000000000       0x10 arch/arm/imx-common/built-in.o
 .text.set_chipselect_size
                0x0000000000000000       0x84 arch/arm/imx-common/built-in.o
 .text.mxs_wait_mask_set
                0x0000000000000000       0x40 arch/arm/imx-common/built-in.o
 .text.mxs_wait_mask_clr
                0x0000000000000000       0x3c arch/arm/imx-common/built-in.o
 .text.mxs_reset_block
                0x0000000000000000       0x90 arch/arm/imx-common/built-in.o
 .text.usec2ticks
                0x0000000000000000       0x68 arch/arm/imx-common/built-in.o
 .data          0x0000000000000000        0x0 arch/arm/imx-common/built-in.o
 .bss           0x0000000000000000        0x0 arch/arm/imx-common/built-in.o
 .text.flush_cache
                0x0000000000000000        0x4 arch/arm/lib/built-in.o
 .text.flush_dcache_all
                0x0000000000000000        0xc arch/arm/lib/built-in.o
 .text.enable_caches
                0x0000000000000000        0xc arch/arm/lib/built-in.o
 .text.arm_init_before_mmu
                0x0000000000000000        0x4 arch/arm/lib/built-in.o
 .text.mmu_page_table_flush
                0x0000000000000000        0x4 arch/arm/lib/built-in.o
 .rodata.pl310  0x0000000000000000        0x4 arch/arm/lib/built-in.o
 .data          0x0000000000000000        0x0 arch/arm/lib/built-in.o
 .__secure_start
                0x0000000000000000        0x0 arch/arm/lib/built-in.o
[...]
Memory Configuration

Name             Origin             Length             Attributes
*default*        0x0000000000000000 0xffffffffffffffff

Linker script and memory map

Address of section .text set to 0x17800000
                0x0000000000000000                . = 0x0
                0x0000000000000000                . = ALIGN (0x4)

.text           0x0000000017800000    0x3ba90
 *(.__image_copy_start)
 .__image_copy_start
                0x0000000017800000        0x0 arch/arm/lib/built-in.o
                0x0000000017800000                __image_copy_start
 *(.vectors)
 .vectors       0x0000000017800000      0x300 arch/arm/lib/built-in.o
                0x0000000017800000                _start
                0x0000000017800020                _undefined_instruction
                0x0000000017800024                _software_interrupt
                0x0000000017800028                _prefetch_abort
                0x000000001780002c                _data_abort
                0x0000000017800030                _not_used
                0x0000000017800034                _irq
                0x0000000017800038                _fiq
                0x0000000017800040                IRQ_STACK_START_IN
 arch/arm/cpu/armv7/start.o(.text*)
 .text          0x0000000017800300       0xec arch/arm/cpu/armv7/start.o
                0x0000000017800300                reset
                0x0000000017800304                save_boot_params_ret
                0x0000000017800340                c_runtime_cpu_setup
                0x0000000017800350                save_boot_params
                0x0000000017800354                cpu_init_cp15
                0x00000000178003e4                cpu_init_crit
 *(.text*)
 .text          0x00000000178003ec       0x1c arch/arm/cpu/armv7/built-in.o
                0x00000000178003ec                lowlevel_init
 .text.v7_maint_dcache_all
                0x0000000017800408       0xd0 arch/arm/cpu/armv7/built-in.o
 .text.invalidate_icache_all
                0x00000000178004d8       0x18 arch/arm/cpu/armv7/built-in.o
                0x00000000178004d8                invalidate_icache_all
 .text.v7_outer_cache_enable
                0x00000000178004f0       0x6c arch/arm/cpu/armv7/built-in.o
                0x00000000178004f4                v7_outer_cache_enable
 .text.v7_outer_cache_disable
                0x000000001780055c       0x1c arch/arm/cpu/armv7/built-in.o
                0x0000000017800560                v7_outer_cache_disable
 .text.flush_dcache_all
                0x0000000017800578       0x14 arch/arm/cpu/armv7/built-in.o
                0x0000000017800578                flush_dcache_all
 .text.invalidate_dcache_all
                0x000000001780058c       0x14 arch/arm/cpu/armv7/built-in.o
                0x000000001780058c                invalidate_dcache_all
 .text.arm_init_before_mmu
                0x00000000178005a0       0x28 arch/arm/cpu/armv7/built-in.o
                0x00000000178005a0                arm_init_before_mmu
 .text.flush_dcache_range
                0x00000000178005c8       0x3c arch/arm/cpu/armv7/built-in.o
                0x00000000178005c8                flush_dcache_range
 .text.mmu_page_table_flush
                0x0000000017800604       0x24 arch/arm/cpu/armv7/built-in.o
                0x0000000017800604                mmu_page_table_flush
 .text.flush_cache
                0x0000000017800628        0x8 arch/arm/cpu/armv7/built-in.o
                0x0000000017800628                flush_cache
 .text.invalidate_dcache_range
                0x0000000017800630       0xac arch/arm/cpu/armv7/built-in.o
                0x0000000017800630                invalidate_dcache_range
 .text.cpu_cache_initialization
                0x00000000178006dc        0x4 arch/arm/cpu/armv7/built-in.o
                0x00000000178006dc                cpu_cache_initialization
 .text.cleanup_before_linux
                0x00000000178006e0       0x28 arch/arm/cpu/armv7/built-in.o
                0x00000000178006e0                cleanup_before_linux
 .text.get_nr_cpus
                0x0000000017800708       0x10 arch/arm/cpu/armv7/built-in.o
                0x0000000017800708                get_nr_cpus
 .text.get_cpu_rev
                0x0000000017800718       0x68 arch/arm/cpu/armv7/built-in.o
                0x0000000017800718                get_cpu_rev
 .text.get_board_rev
                0x0000000017800780       0x30 arch/arm/cpu/armv7/built-in.o
                0x0000000017800780                get_board_rev
 .text.init_aips
                0x00000000178007b0       0x58 arch/arm/cpu/armv7/built-in.o
                0x00000000178007b0                init_aips
 .text.arch_cpu_init
                0x0000000017800808      0x128 arch/arm/cpu/armv7/built-in.o
                0x0000000017800808                arch_cpu_init
 .text.board_postclk_init
                0x0000000017800930       0x50 arch/arm/cpu/armv7/built-in.o
                0x0000000017800930                board_postclk_init
 .text.enable_caches
                0x0000000017800980       0x34 arch/arm/cpu/armv7/built-in.o
                0x0000000017800980                enable_caches
 .text.imx_get_mac_from_fuse
                0x00000000178009b4       0x3c arch/arm/cpu/armv7/built-in.o
                0x00000000178009b4                imx_get_mac_from_fuse
 .text.boot_mode_apply
                0x00000000178009f0       0x24 arch/arm/cpu/armv7/built-in.o
                0x00000000178009f0                boot_mode_apply
 .text.s_init   0x0000000017800a14       0x88 arch/arm/cpu/armv7/built-in.o
                0x0000000017800a14                s_init
 .text.set_wdog_reset
                0x0000000017800a9c       0x18 arch/arm/cpu/armv7/built-in.o
                0x0000000017800a9c                set_wdog_reset
 .text.check_ldo_bypass
                0x0000000017800ab4       0x78 arch/arm/cpu/armv7/built-in.o
                0x0000000017800ab4                check_ldo_bypass
 .text.check_1_2G
                0x0000000017800b2c       0x5c arch/arm/cpu/armv7/built-in.o
                0x0000000017800b2c                check_1_2G
 .text.prep_anatop_bypass
                0x0000000017800b88       0x6c arch/arm/cpu/armv7/built-in.o
                0x0000000017800b88                prep_anatop_bypass
 .text.set_anatop_bypass
                0x0000000017800bf4       0x50 arch/arm/cpu/armv7/built-in.o
                0x0000000017800bf4                set_anatop_bypass
 .text.finish_anatop_bypass
                0x0000000017800c44       0x24 arch/arm/cpu/armv7/built-in.o
                0x0000000017800c44                finish_anatop_bypass
 .text.imx_enable_hdmi_phy
                0x0000000017800c68       0x4c arch/arm/cpu/armv7/built-in.o
                0x0000000017800c68                imx_enable_hdmi_phy
 .text.imx_setup_hdmi
                0x0000000017800cb4       0x78 arch/arm/cpu/armv7/built-in.o
                0x0000000017800cb4                imx_setup_hdmi
 .text.get_ipg_clk
                0x0000000017800d2c       0x28 arch/arm/cpu/armv7/built-in.o
 .text.get_uart_clk
                0x0000000017800d54       0x54 arch/arm/cpu/armv7/built-in.o
 .text.mxc_get_pll_pfd
                0x0000000017800da8       0xa0 arch/arm/cpu/armv7/built-in.o
 .text.get_usdhc_clk
                0x0000000017800e48       0x90 arch/arm/cpu/armv7/built-in.o
 .text.enable_ocotp_clk
                0x0000000017800ed8       0x24 arch/arm/cpu/armv7/built-in.o
                0x0000000017800ed8                enable_ocotp_clk
 .text.enable_usboh3_clk
                0x0000000017800efc       0x24 arch/arm/cpu/armv7/built-in.o
                0x0000000017800efc                enable_usboh3_clk
 .text.enable_i2c_clk
                0x0000000017800f20       0x48 arch/arm/cpu/armv7/built-in.o
                0x0000000017800f20                enable_i2c_clk
 .text.get_periph_clk
                0x0000000017800f68       0xdc arch/arm/cpu/armv7/built-in.o
                0x0000000017800f68                get_periph_clk
 .text.get_axi_clk
                0x0000000017801044       0x4c arch/arm/cpu/armv7/built-in.o
 .text.imx_get_uartclk
                0x0000000017801090        0x4 arch/arm/cpu/armv7/built-in.o
                0x0000000017801090                imx_get_uartclk
 .text.enable_thermal_clk
                0x0000000017801094       0x48 arch/arm/cpu/armv7/built-in.o
                0x0000000017801094                enable_thermal_clk
 .text.mxc_get_clock
                0x00000000178010dc      0x1cc arch/arm/cpu/armv7/built-in.o
                0x00000000178010dc                mxc_get_clock
 .text.imx_get_fecclk
                0x00000000178012a8        0x8 arch/arm/cpu/armv7/built-in.o
                0x00000000178012a8                imx_get_fecclk
 .text.do_mx6_showclocks
                0x00000000178012b0      0x230 arch/arm/cpu/armv7/built-in.o
                0x00000000178012b0                do_mx6_showclocks
 .text.enable_ipu_clock
                0x00000000178014e0       0x18 arch/arm/cpu/armv7/built-in.o
                0x00000000178014e0                enable_ipu_clock
 .text.cpu_reset
                0x00000000178014f8       0x28 arch/arm/cpu/armv7/built-in.o
                0x00000000178014f8                cpu_reset
 .text.cpu_status
                0x0000000017801520       0x40 arch/arm/cpu/armv7/built-in.o
                0x0000000017801520                cpu_status
 .text.cpu_release
                0x0000000017801560       0x80 arch/arm/cpu/armv7/built-in.o
                0x0000000017801560                cpu_release
 .text.is_core_valid
                0x00000000178015e0       0x1c arch/arm/cpu/armv7/built-in.o
                0x00000000178015e0                is_core_valid
 .text.cpu_disable
                0x00000000178015fc       0x28 arch/arm/cpu/armv7/built-in.o
                0x00000000178015fc                cpu_disable
 .text.imx_iomux_v3_setup_pad
                0x0000000017801624       0xb0 arch/arm/imx-common/built-in.o
                0x0000000017801624                imx_iomux_v3_setup_pad
 .text.imx_iomux_v3_setup_multiple_pads
                0x00000000178016d4       0x2c arch/arm/imx-common/built-in.o
                0x00000000178016d4                imx_iomux_v3_setup_multiple_pads
 .text.imx_iomux_set_gpr_register
                0x0000000017801700       0x3c arch/arm/imx-common/built-in.o
                0x0000000017801700                imx_iomux_set_gpr_register
 .text.imx_ddr_size
                0x000000001780173c       0x64 arch/arm/imx-common/built-in.o
                0x000000001780173c                imx_ddr_size
 .text.get_imx_type
                0x00000000178017a0       0x20 arch/arm/imx-common/built-in.o
                0x00000000178017a0                get_imx_type
 .text.print_cpuinfo
                0x00000000178017c0      0x1d8 arch/arm/imx-common/built-in.o
                0x00000000178017c0                print_cpuinfo
 .text.cpu_eth_init
                0x0000000017801998        0x4 arch/arm/imx-common/built-in.o
                0x0000000017801998                cpu_eth_init
 .text.cpu_mmc_init
                0x000000001780199c        0x4 arch/arm/imx-common/built-in.o
                0x000000001780199c                cpu_mmc_init
 .text.get_ahb_clk
                0x00000000178019a0       0x24 arch/arm/imx-common/built-in.o
                0x00000000178019a0                get_ahb_clk
 .text.arch_preboot_os
                0x00000000178019c4       0x14 arch/arm/imx-common/built-in.o
                0x00000000178019c4                arch_preboot_os
 .text.get_clocks
                0x00000000178019d8       0x1c arch/arm/imx-common/built-in.o
                0x00000000178019d8                get_clocks
 .text.force_idle_bus
                0x00000000178019f4      0x1c4 arch/arm/imx-common/built-in.o
 .text.setup_i2c
                0x0000000017801bb8       0xe4 arch/arm/imx-common/built-in.o
                0x0000000017801bb8                setup_i2c
 .text.board_video_skip
                0x0000000017801c9c      0x170 arch/arm/imx-common/built-in.o
                0x0000000017801c9c                board_video_skip
 .text.detect_hdmi
                0x0000000017801e0c       0x18 arch/arm/imx-common/built-in.o
                0x0000000017801e0c                detect_hdmi
 .text.timer_init
                0x0000000017801e24      0x13c arch/arm/imx-common/built-in.o
                0x0000000017801e24                timer_init
 .text.get_ticks
                0x0000000017801f60       0x44 arch/arm/imx-common/built-in.o
                0x0000000017801f60                get_ticks
 .text.get_timer_masked
                0x0000000017801fa4       0xf0 arch/arm/imx-common/built-in.o
                0x0000000017801fa4                get_timer_masked
 .text.get_timer
                0x0000000017802094       0x14 arch/arm/imx-common/built-in.o
                0x0000000017802094                get_timer
 .text.__udelay
                0x00000000178020a8      0x128 arch/arm/imx-common/built-in.o
                0x00000000178020a8                __udelay
 .text.get_tbclk
                0x00000000178021d0       0x94 arch/arm/imx-common/built-in.o
                0x00000000178021d0                get_tbclk
 .text.create_usage
                0x0000000017802264       0xa0 arch/arm/imx-common/built-in.o
 .text.do_boot_mode
                0x0000000017802304       0xcc arch/arm/imx-common/built-in.o
 .text.add_board_boot_modes
                0x00000000178023d0       0x60 arch/arm/imx-common/built-in.o
                0x00000000178023d0                add_board_boot_modes
 .text          0x0000000017802430       0xa8 arch/arm/lib/built-in.o
                0x0000000017802430                _main
 .text.relocate_vectors
                0x00000000178024d8       0x70 arch/arm/lib/built-in.o
                0x00000000178024d8                relocate_vectors
                0x00000000178024e4                relocate_code
 .text.arch_fixup_fdt
                0x0000000017802548       0x38 arch/arm/lib/built-in.o
                0x0000000017802548                arch_fixup_fdt
 .text.boot_jump_linux
                0x0000000017802580       0xb8 arch/arm/lib/built-in.o
 .text.arch_lmb_reserve
                0x0000000017802638       0x24 arch/arm/lib/built-in.o
                0x0000000017802638                arch_lmb_reserve
 .text.setup_board_tags
                0x000000001780265c        0x4 arch/arm/lib/built-in.o
                0x000000001780265c                setup_board_tags
 .text.boot_prep_linux
                0x0000000017802660      0x194 arch/arm/lib/built-in.o
 .text.do_bootm_linux
                0x00000000178027f4       0x5c arch/arm/lib/built-in.o
                0x00000000178027f4                do_bootm_linux
 .text.bootz_setup
                0x0000000017802850       0x60 arch/arm/lib/built-in.o
                0x0000000017802850                bootz_setup
 .text.boot_prep_vxworks
                0x00000000178028b0       0x50 arch/arm/lib/built-in.o
                0x00000000178028b0                boot_prep_vxworks
 .text.boot_jump_vxworks
                0x0000000017802900        0xc arch/arm/lib/built-in.o
                0x0000000017802900                boot_jump_vxworks
 .text.pl310_background_op_all_ways
                0x000000001780290c       0x38 arch/arm/lib/built-in.o
 .text.v7_outer_cache_inval_all
                0x0000000017802944        0xc arch/arm/lib/built-in.o
                0x0000000017802944                v7_outer_cache_inval_all
 .text.v7_outer_cache_flush_all
                0x0000000017802950        0xc arch/arm/lib/built-in.o
                0x0000000017802950                v7_outer_cache_flush_all
 .text.v7_outer_cache_flush_range
                0x000000001780295c       0x30 arch/arm/lib/built-in.o
                0x000000001780295c                v7_outer_cache_flush_range
 .text.v7_outer_cache_inval_range
                0x000000001780298c       0x80 arch/arm/lib/built-in.o
                0x000000001780298c                v7_outer_cache_inval_range
 .text.arch_reserve_stacks
                0x0000000017802a0c       0x1c arch/arm/lib/built-in.o
                0x0000000017802a0c                arch_reserve_stacks
 .text.interrupt_init
                0x0000000017802a28       0x1c arch/arm/lib/built-in.o
                0x0000000017802a28                interrupt_init
 .text.enable_interrupts
                0x0000000017802a44        0x4 arch/arm/lib/built-in.o
                0x0000000017802a44                enable_interrupts
 .text.disable_interrupts
                0x0000000017802a48        0x8 arch/arm/lib/built-in.o
                0x0000000017802a48                disable_interrupts
 .text.bad_mode
                0x0000000017802a50       0x10 arch/arm/lib/built-in.o
                0x0000000017802a50                bad_mode
 .text.show_regs
                0x0000000017802a60      0x174 arch/arm/lib/built-in.o
                0x0000000017802a60                show_regs
 .text.do_undefined_instruction
                0x0000000017802bd4       0x20 arch/arm/lib/built-in.o
                0x0000000017802bd4                do_undefined_instruction
 .text.do_software_interrupt
                0x0000000017802bf4       0x20 arch/arm/lib/built-in.o
                0x0000000017802bf4                do_software_interrupt
 .text.do_prefetch_abort
                0x0000000017802c14       0x20 arch/arm/lib/built-in.o
                0x0000000017802c14                do_prefetch_abort
 .text.do_data_abort
                0x0000000017802c34       0x20 arch/arm/lib/built-in.o
                0x0000000017802c34                do_data_abort
 .text.do_not_used
                0x0000000017802c54       0x20 arch/arm/lib/built-in.o
                0x0000000017802c54                do_not_used
 .text.do_fiq   0x0000000017802c74       0x20 arch/arm/lib/built-in.o
                0x0000000017802c74                do_fiq
 .text.do_irq   0x0000000017802c94       0x20 arch/arm/lib/built-in.o
                0x0000000017802c94                do_irq
 .text.reset_misc
                0x0000000017802cb4        0x4 arch/arm/lib/built-in.o
                0x0000000017802cb4                reset_misc
 .text.do_reset
                0x0000000017802cb8       0x30 arch/arm/lib/built-in.o
                0x0000000017802cb8                do_reset
 .text.cp_delay
                0x0000000017802ce8       0x30 arch/arm/lib/built-in.o
 .text.cache_disable
                0x0000000017802d18       0x50 arch/arm/lib/built-in.o
 .text.arm_init_domains
                0x0000000017802d68        0x4 arch/arm/lib/built-in.o
                0x0000000017802d68                arm_init_domains
 .text.set_section_dcache
                0x0000000017802d6c       0x14 arch/arm/lib/built-in.o
                0x0000000017802d6c                set_section_dcache
 .text.mmu_set_region_dcache_behaviour
                0x0000000017802d80       0x50 arch/arm/lib/built-in.o
                0x0000000017802d80                mmu_set_region_dcache_behaviour
 .text.dram_bank_mmu_setup
                0x0000000017802dd0       0x44 arch/arm/lib/built-in.o
                0x0000000017802dd0                dram_bank_mmu_setup
 .text.icache_enable
                0x0000000017802e14       0x18 arch/arm/lib/built-in.o
                0x0000000017802e14                icache_enable
 .text.icache_disable
                0x0000000017802e2c        0x8 arch/arm/lib/built-in.o
                0x0000000017802e2c                icache_disable
 .text.icache_status
                0x0000000017802e34        0xc arch/arm/lib/built-in.o
                0x0000000017802e34                icache_status
 .text.dcache_enable
                0x0000000017802e40       0x6c arch/arm/lib/built-in.o
                0x0000000017802e40                dcache_enable
 .text.dcache_disable
                0x0000000017802eac        0x8 arch/arm/lib/built-in.o
                0x0000000017802eac                dcache_disable
 .text.dcache_status
                0x0000000017802eb4        0xc arch/arm/lib/built-in.o
                0x0000000017802eb4                dcache_status
 .text.pfuze_mode_init
                0x0000000017802ec0       0xa0 board/freescale/common/built-in.o
                0x0000000017802ec0                pfuze_mode_init
 .text.pfuze_common_init
                0x0000000017802f60      0x10c board/freescale/common/built-in.o
                0x0000000017802f60                pfuze_common_init
 .text.enable_lvds
                0x000000001780306c       0x14 board/freescale/mx6sabresd/built-in.o
 .text.enable_rgb
                0x0000000017803080       0x24 board/freescale/mx6sabresd/built-in.o
 .text.do_enable_hdmi
                0x00000000178030a4       0x18 board/freescale/mx6sabresd/built-in.o
 .text.dram_init
                0x00000000178030bc       0x18 board/freescale/mx6sabresd/built-in.o
                0x00000000178030bc                dram_init
 .text.mmc_get_env_devno
                0x00000000178030d4       0x24 board/freescale/mx6sabresd/built-in.o
                0x00000000178030d4                mmc_get_env_devno
 .text.board_mmc_getcd
                0x00000000178030f8       0x60 board/freescale/mx6sabresd/built-in.o
                0x00000000178030f8                board_mmc_getcd
 .text.board_mmc_init
                0x0000000017803158       0xb8 board/freescale/mx6sabresd/built-in.o
                0x0000000017803158                board_mmc_init
 .text.check_mmc_autodetect
                0x0000000017803210       0x38 board/freescale/mx6sabresd/built-in.o
                0x0000000017803210                check_mmc_autodetect
 .text.board_late_mmc_env_init
                0x0000000017803248       0x78 board/freescale/mx6sabresd/built-in.o
                0x0000000017803248                board_late_mmc_env_init
 .text.mx6_rgmii_rework
                0x00000000178032c0      0x110 board/freescale/mx6sabresd/built-in.o
                0x00000000178032c0                mx6_rgmii_rework
 .text.board_phy_config
                0x00000000178033d0       0x2c board/freescale/mx6sabresd/built-in.o
                0x00000000178033d0                board_phy_config
 .text.overwrite_console
                0x00000000178033fc        0x8 board/freescale/mx6sabresd/built-in.o
                0x00000000178033fc                overwrite_console
 .text.board_eth_init
                0x0000000017803404       0x54 board/freescale/mx6sabresd/built-in.o
                0x0000000017803404                board_eth_init
 .text.board_ehci_hcd_init
                0x0000000017803458       0x28 board/freescale/mx6sabresd/built-in.o
                0x0000000017803458                board_ehci_hcd_init
 .text.board_ehci_power
                0x0000000017803480       0x4c board/freescale/mx6sabresd/built-in.o
                0x0000000017803480                board_ehci_power
 .text.board_early_init_f
                0x00000000178034cc       0x8c board/freescale/mx6sabresd/built-in.o
                0x00000000178034cc                board_early_init_f
 .text.board_init
                0x0000000017803558       0x6c board/freescale/mx6sabresd/built-in.o
                0x0000000017803558                board_init
 .text.power_init_board
                0x00000000178035c4      0x140 board/freescale/mx6sabresd/built-in.o
                0x00000000178035c4                power_init_board
 .text.ldo_mode_set
                0x0000000017803704      0x180 board/freescale/mx6sabresd/built-in.o
                0x0000000017803704                ldo_mode_set
 .text.board_late_init
                0x0000000017803884       0x1c board/freescale/mx6sabresd/built-in.o
                0x0000000017803884                board_late_init
 .text.checkboard
                0x00000000178038a0       0x18 board/freescale/mx6sabresd/built-in.o
                0x00000000178038a0                checkboard
 .text.show_boot_progress
                0x00000000178038b8        0x4 common/built-in.o
                0x00000000178038b8                show_boot_progress
 .text.main_loop
                0x00000000178038bc       0x20 common/built-in.o
                0x00000000178038bc                main_loop
 .text.dummy    0x00000000178038dc        0x4 common/built-in.o
 .text.get_version
                0x00000000178038e0        0x8 common/built-in.o
                0x00000000178038e0                get_version
 .text.jumptable_init
                0x00000000178038e8      0x1c0 common/built-in.o
                0x00000000178038e8                jumptable_init
 .text.hash_command
                0x0000000017803aa8       0xb4 common/built-in.o
                0x0000000017803aa8                hash_command
 .text.b_reset  0x0000000017803b5c       0x1c common/built-in.o
 .text.static_get
                0x0000000017803b78       0x1c common/built-in.o
 .text.static_peek
                0x0000000017803b94        0xc common/built-in.o
 .text.file_peek
                0x0000000017803ba0        0xc common/built-in.o
 .text.mapset   0x0000000017803bac       0x20 common/built-in.o
 .text.syntax_err
                0x0000000017803bcc        0xc common/built-in.o
 .text.free_pipe_list
                0x0000000017803bd8       0xf0 common/built-in.o
 .text.xmalloc  0x0000000017803cc8       0x20 common/built-in.o
 .text.new_pipe
                0x0000000017803ce8       0x28 common/built-in.o
 .text.xrealloc
                0x0000000017803d10       0x20 common/built-in.o
 .text.done_command
                0x0000000017803d30       0x88 common/built-in.o
 .text.done_pipe
                0x0000000017803db8       0x48 common/built-in.o
 .text.done_word
                0x0000000017803e00      0x2d8 common/built-in.o
 .text.do_showvar
                0x00000000178040d8       0xfc common/built-in.o
 .text.is_assignment
                0x00000000178041d4       0x5c common/built-in.o
 .text.file_get
                0x0000000017804230      0x1ec common/built-in.o
 .text.b_addchr
                0x000000001780441c       0x78 common/built-in.o
 .text.b_addqchr
                0x0000000017804494       0x50 common/built-in.o
 .text.get_local_var
                0x00000000178044e4       0xa0 common/built-in.o
                0x00000000178044e4                get_local_var
 .text.set_local_var
                0x0000000017804584      0x1ac common/built-in.o
                0x0000000017804584                set_local_var
 .text.insert_var_value_sub
                0x0000000017804730      0x2c0 common/built-in.o
 .text.parse_string_outer
                0x00000000178049f0       0xe4 common/built-in.o
                0x00000000178049f0                parse_string_outer
 .text.run_list_real
                0x0000000017804ad4      0x7e4 common/built-in.o
 .text.parse_stream_outer
                0x00000000178052b8      0x6d4 common/built-in.o
 .text.parse_file_outer
                0x000000001780598c       0x44 common/built-in.o
                0x000000001780598c                parse_file_outer
 .text.u_boot_hush_start
                0x00000000178059d0       0x54 common/built-in.o
                0x00000000178059d0                u_boot_hush_start
 .text.bootdelay_process
                0x0000000017805a24       0xd0 common/built-in.o
                0x0000000017805a24                bootdelay_process
 .text.autoboot_command
                0x0000000017805af4       0xd0 common/built-in.o
                0x0000000017805af4                autoboot_command
 .text.display_text_info
                0x0000000017805bc4        0x8 common/built-in.o
 .text.setup_mon_len
                0x0000000017805bcc       0x20 common/built-in.o
 .text.setup_fdt
                0x0000000017805bec        0x8 common/built-in.o
 .text.reserve_round_4k
                0x0000000017805bf4       0x18 common/built-in.o
 .text.reserve_mmu
                0x0000000017805c0c       0x38 common/built-in.o
 .text.reserve_trace
                0x0000000017805c44        0x8 common/built-in.o
 .text.reserve_uboot
                0x0000000017805c4c       0x30 common/built-in.o
 .text.reserve_malloc
                0x0000000017805c7c       0x18 common/built-in.o
 .text.setup_machine
                0x0000000017805c94       0x14 common/built-in.o
 .text.reserve_global_data
                0x0000000017805ca8       0x1c common/built-in.o
 .text.reserve_fdt
                0x0000000017805cc4       0x4c common/built-in.o
 .text.display_new_sp
                0x0000000017805d10        0x8 common/built-in.o
 .text.initf_malloc
                0x0000000017805d18       0x1c common/built-in.o
 .text.reserve_arch
                0x0000000017805d34        0x8 common/built-in.o
                0x0000000017805d34                reserve_arch
 .text.setup_reloc
                0x0000000017805d3c       0x28 common/built-in.o
 .text.reloc_fdt
                0x0000000017805d64       0x30 common/built-in.o
 .text.announce_dram_init
                0x0000000017805d94       0x18 common/built-in.o
 .text.init_func_i2c
                0x0000000017805dac       0x28 common/built-in.o
 .text.init_baud_rate
                0x0000000017805dd4       0x2c common/built-in.o
 .text.initf_dm
                0x0000000017805e00        0x8 common/built-in.o
 .text.mark_bootstage
                0x0000000017805e08       0x14 common/built-in.o
 .text.reserve_board
                0x0000000017805e1c       0x38 common/built-in.o
 .text.coloured_LED_init
                0x0000000017805e54        0x4 common/built-in.o
                0x0000000017805e54                coloured_LED_init
 .text.red_led_on
                0x0000000017805e58        0x4 common/built-in.o
                0x0000000017805e58                red_led_on
 .text.board_add_ram_info
                0x0000000017805e5c        0x4 common/built-in.o
                0x0000000017805e5c                board_add_ram_info
 .text.show_dram_config
                0x0000000017805e60       0x38 common/built-in.o
 .text.dram_init_banksize
                0x0000000017805e98       0x20 common/built-in.o
                0x0000000017805e98                dram_init_banksize
 .text.setup_dram_config
                0x0000000017805eb8       0x10 common/built-in.o
 .text.board_get_usable_ram_top
                0x0000000017805ec8       0x14 common/built-in.o
                0x0000000017805ec8                board_get_usable_ram_top
 .text.setup_dest_addr
                0x0000000017805edc       0x3c common/built-in.o
 .text.reserve_stacks
                0x0000000017805f18       0x1c common/built-in.o
 .text.board_init_f
                0x0000000017805f34       0x28 common/built-in.o
                0x0000000017805f34                board_init_f
 .text.bootstage_relocate
                0x0000000017805f5c        0x8 common/built-in.o
 .text.initr_trace
                0x0000000017805f64        0x8 common/built-in.o
 .text.initr_reloc_global_data
                0x0000000017805f6c       0x28 common/built-in.o
 .text.initr_barrier
                0x0000000017805f94        0x8 common/built-in.o
 .text.initr_announce
                0x0000000017805f9c        0x8 common/built-in.o
 .text.run_main_loop
                0x0000000017805fa4        0xc common/built-in.o
 .text.initr_net
                0x0000000017805fb0       0x20 common/built-in.o
 .text.initr_ethaddr
                0x0000000017805fd0       0x20 common/built-in.o
 .text.initr_enable_interrupts
                0x0000000017805ff0       0x10 common/built-in.o
 .text.initr_jumptable
                0x0000000017806000       0x10 common/built-in.o
 .text.initr_env
                0x0000000017806010       0x30 common/built-in.o
 .text.initr_mmc
                0x0000000017806040       0x20 common/built-in.o
 .text.initr_serial
                0x0000000017806060       0x10 common/built-in.o
 .text.initr_dm
                0x0000000017806070       0x14 common/built-in.o
 .text.initr_malloc
                0x0000000017806084       0x24 common/built-in.o
 .text.initr_caches
                0x00000000178060a8       0x10 common/built-in.o
 .text.initr_reloc
                0x00000000178060b8       0x24 common/built-in.o
 .text.cpu_secondary_init_r
                0x00000000178060dc        0x4 common/built-in.o
                0x00000000178060dc                cpu_secondary_init_r
 .text.initr_secondary_cpu
                0x00000000178060e0       0x10 common/built-in.o
 .text.board_init_r
                0x00000000178060f0       0x14 common/built-in.o
                0x00000000178060f0                board_init_r
 .text.show_board_info
                0x0000000017806104        0x4 common/built-in.o
                0x0000000017806104                show_board_info
 .text.do_go_exec
                0x0000000017806108       0x10 common/built-in.o
                0x0000000017806108                do_go_exec
 .text.do_go    0x0000000017806118       0x6c common/built-in.o
 .text.do_bootm
                0x0000000017806184      0x118 common/built-in.o
                0x0000000017806184                do_bootm
 .text.do_bootd
                0x000000001780629c       0x20 common/built-in.o
                0x000000001780629c                do_bootd
 .text.image_info
                0x00000000178062bc       0xcc common/built-in.o
 .text.do_iminfo
                0x0000000017806388       0x60 common/built-in.o
 .text.bootm_maybe_autostart
                0x00000000178063e8       0x78 common/built-in.o
                0x00000000178063e8                bootm_maybe_autostart
 .text.do_bootz
                0x0000000017806460       0xf8 common/built-in.o
                0x0000000017806460                do_bootz
 .text.bootm_find_ramdisk_fdt
                0x0000000017806558       0xa8 common/built-in.o
                0x0000000017806558                bootm_find_ramdisk_fdt
 .text.bootm_decomp_image
                0x0000000017806600      0x150 common/built-in.o
                0x0000000017806600                bootm_decomp_image
 .text.bootm_disable_interrupts
                0x0000000017806750       0x18 common/built-in.o
                0x0000000017806750                bootm_disable_interrupts
 .text.do_bootm_states
                0x0000000017806768      0x74c common/built-in.o
                0x0000000017806768                do_bootm_states
 .text.copy_args
                0x0000000017806eb4       0x50 common/built-in.o
 .text.do_bootm_rtems
                0x0000000017806f04       0x40 common/built-in.o
 .text.do_bootm_plan9
                0x0000000017806f44       0xa4 common/built-in.o
 .text.do_bootm_standalone
                0x0000000017806fe8       0x64 common/built-in.o
 .text.do_bootm_netbsd
                0x000000001780704c       0xf8 common/built-in.o
 .text.do_bootvx_fdt
                0x0000000017807144      0x10c common/built-in.o
                0x0000000017807144                do_bootvx_fdt
 .text.do_bootm_vxworks
                0x0000000017807250       0x24 common/built-in.o
 .text.boot_selected_os
                0x0000000017807274       0x58 common/built-in.o
                0x0000000017807274                boot_selected_os
 .text.bootm_os_get_boot_func
                0x00000000178072cc       0x10 common/built-in.o
                0x00000000178072cc                bootm_os_get_boot_func
 .text.do_help  0x00000000178072dc       0x48 common/built-in.o
 .text.do_version
                0x0000000017807324       0x38 common/built-in.o
 .text.env_attr_walk
                0x000000001780735c      0x114 common/built-in.o
                0x000000001780735c                env_attr_walk
 .text.env_attr_lookup
                0x0000000017807470      0x18c common/built-in.o
                0x0000000017807470                env_attr_lookup
 .text.clear_callback
                0x00000000178075fc       0x10 common/built-in.o
 .text.find_env_callback
                0x000000001780760c       0x68 common/built-in.o
 .text.on_callbacks
                0x0000000017807674       0x48 common/built-in.o
 .text.set_callback
                0x00000000178076bc       0x94 common/built-in.o
 .text.env_callback_init
                0x0000000017807750       0xc4 common/built-in.o
                0x0000000017807750                env_callback_init
 .text.skip_num
                0x0000000017807814       0x70 common/built-in.o
 .text.clear_flags
                0x0000000017807884       0x10 common/built-in.o
 .text.on_flags
                0x0000000017807894       0x48 common/built-in.o
 .text.env_flags_parse_vartype
                0x00000000178078dc       0x50 common/built-in.o
                0x00000000178078dc                env_flags_parse_vartype
 .text.env_flags_parse_varaccess
                0x000000001780792c       0x58 common/built-in.o
                0x000000001780792c                env_flags_parse_varaccess
 .text.set_flags
                0x0000000017807984       0xac common/built-in.o
 .text.env_flags_init
                0x0000000017807a30       0xd8 common/built-in.o
                0x0000000017807a30                env_flags_init
 .text.env_flags_validate
                0x0000000017807b08      0x324 common/built-in.o
                0x0000000017807b08                env_flags_validate
 .text.mmc_get_env_addr
                0x0000000017807e2c       0x10 common/built-in.o
                0x0000000017807e2c                mmc_get_env_addr
 .text.env_init
                0x0000000017807e3c       0x1c common/built-in.o
                0x0000000017807e3c                env_init
 .text.mmc_get_env_part
                0x0000000017807e58        0x8 common/built-in.o
                0x0000000017807e58                mmc_get_env_part
 .text.init_mmc_for_env
                0x0000000017807e60       0x78 common/built-in.o
 .text.fini_mmc_for_env
                0x0000000017807ed8       0x30 common/built-in.o
 .text.saveenv  0x0000000017807f08      0x10c common/built-in.o
                0x0000000017807f08                saveenv
 .text.env_relocate_spec
                0x0000000017808014       0xe0 common/built-in.o
                0x0000000017808014                env_relocate_spec
 .text.source   0x00000000178080f4       0xd8 common/built-in.o
                0x00000000178080f4                source
 .text.do_source
                0x00000000178081cc       0x44 common/built-in.o
 .text.print_num
                0x0000000017808210       0x18 common/built-in.o
 .text.do_bdinfo
                0x0000000017808228      0x18c common/built-in.o
 .text.parse_argv
                0x00000000178083b4       0x64 common/built-in.o
 .text.do_icache
                0x0000000017808418       0x88 common/built-in.o
 .text.do_dcache
                0x00000000178084a0       0x88 common/built-in.o
 .text.do_coninfo
                0x0000000017808528       0xbc common/built-in.o
 .text.do_echo  0x00000000178085e4       0xb0 common/built-in.o
 .text.do_exit  0x0000000017808694       0x30 common/built-in.o
 .text.do_ext4_size
                0x00000000178086c4       0x18 common/built-in.o
                0x00000000178086c4                do_ext4_size
 .text.do_ext4_load
                0x00000000178086dc       0x18 common/built-in.o
                0x00000000178086dc                do_ext4_load
 .text.do_ext4_ls
                0x00000000178086f4       0x18 common/built-in.o
                0x00000000178086f4                do_ext4_ls
 .text.do_ext4_write
                0x000000001780870c       0x18 common/built-in.o
                0x000000001780870c                do_ext4_write
 .text.do_ext2load
                0x0000000017808724       0x18 common/built-in.o
                0x0000000017808724                do_ext2load
 .text.do_ext2ls
                0x000000001780873c       0x18 common/built-in.o
 .text.do_fat_size
                0x0000000017808754       0x18 common/built-in.o
                0x0000000017808754                do_fat_size
 .text.do_fat_fsload
                0x000000001780876c       0x18 common/built-in.o
                0x000000001780876c                do_fat_fsload
 .text.do_fat_ls
                0x0000000017808784       0x18 common/built-in.o
 .text.do_fat_fsinfo
                0x000000001780879c       0x90 common/built-in.o
 .text.fdt_valid
                0x000000001780882c       0xbc common/built-in.o
 .text.is_printable_string
                0x00000000178088e8       0x98 common/built-in.o
 .text.print_data
                0x0000000017808980      0x174 common/built-in.o
 .text.set_working_fdt_addr
                0x0000000017808af4       0x1c common/built-in.o
                0x0000000017808af4                set_working_fdt_addr
 .text.do_fdt   0x0000000017808b10      0xe90 common/built-in.o
 .text.fdt_find_and_setprop
                0x00000000178099a0       0x70 common/built-in.o
                0x00000000178099a0                fdt_find_and_setprop
 .text.fdt_find_or_add_subnode
                0x0000000017809a10       0x68 common/built-in.o
                0x0000000017809a10                fdt_find_or_add_subnode
 .text.fdt_initrd
                0x0000000017809a78      0x1d0 common/built-in.o
                0x0000000017809a78                fdt_initrd
 .text.fdt_chosen
                0x0000000017809c48       0xa8 common/built-in.o
                0x0000000017809c48                fdt_chosen
 .text.do_fixup_by_path
                0x0000000017809cf0       0x54 common/built-in.o
                0x0000000017809cf0                do_fixup_by_path
 .text.fdt_fixup_memory_banks
                0x0000000017809d44      0x1a4 common/built-in.o
                0x0000000017809d44                fdt_fixup_memory_banks
 .text.fdt_fixup_memory
                0x0000000017809ee8       0x20 common/built-in.o
                0x0000000017809ee8                fdt_fixup_memory
 .text.fdt_fixup_ethernet
                0x0000000017809f08      0x158 common/built-in.o
                0x0000000017809f08                fdt_fixup_ethernet
 .text.fdt_shrink_to_minimum
                0x000000001780a060       0xcc common/built-in.o
                0x000000001780a060                fdt_shrink_to_minimum
 .text.do_flinfo
                0x000000001780a12c        0x8 common/built-in.o
 .text.do_flerase
                0x000000001780a134        0x8 common/built-in.o
 .text.do_protect
                0x000000001780a13c       0x10 common/built-in.o
 .text.strtou32
                0x000000001780a14c       0x48 common/built-in.o
 .text.do_fuse  0x000000001780a194      0x360 common/built-in.o
 .text.do_i2c   0x000000001780a4f4       0x64 common/built-in.o
 .text.do_i2c_reset
                0x000000001780a558       0x30 common/built-in.o
 .text.do_i2c_probe
                0x000000001780a588       0x9c common/built-in.o
 .text.do_i2c_bus_num
                0x000000001780a624       0xb8 common/built-in.o
 .text.do_i2c_bus_speed
                0x000000001780a6dc       0x74 common/built-in.o
 .text.do_i2c_show_bus
                0x000000001780a750       0xd8 common/built-in.o
 .text.get_alen.constprop.5
                0x000000001780a828       0x3c common/built-in.o
 .text.do_i2c_crc
                0x000000001780a864      0x124 common/built-in.o
 .text.do_i2c_read
                0x000000001780a988       0xbc common/built-in.o
 .text.do_i2c_md
                0x000000001780aa44      0x1e8 common/built-in.o
 .text.do_i2c_mw
                0x000000001780ac2c      0x100 common/built-in.o
 .text.do_i2c_write
                0x000000001780ad2c      0x14c common/built-in.o
 .text.mod_i2c_mem.isra.4
                0x000000001780ae78      0x208 common/built-in.o
 .text.do_i2c_nm
                0x000000001780b080        0x8 common/built-in.o
 .text.do_i2c_mm
                0x000000001780b088        0x8 common/built-in.o
 .text.do_i2c_loop
                0x000000001780b090       0xe4 common/built-in.o
 .text.i2c_init_board
                0x000000001780b174        0x4 common/built-in.o
                0x000000001780b174                i2c_init_board
 .text.evalexp  0x000000001780b178       0x74 common/built-in.o
 .text.evalstr  0x000000001780b1ec       0x6c common/built-in.o
 .text.binary_test
                0x000000001780b258      0x1b0 common/built-in.o
 .text.do_itest
                0x000000001780b408       0x98 common/built-in.o
 .text.bin_data_init
                0x000000001780b4a0       0x2c common/built-in.o
 .text.k_data_save
                0x000000001780b4cc       0x4c common/built-in.o
 .text.k_data_restore
                0x000000001780b518       0x4c common/built-in.o
 .text.getcxmodem
                0x000000001780b564       0x20 common/built-in.o
 .text.load_serial_ymodem
                0x000000001780b584       0xcc common/built-in.o
 .text.bin_data_char
                0x000000001780b650       0x2c common/built-in.o
 .text.chk1.constprop.1
                0x000000001780b67c       0x2c common/built-in.o
 .text.s1_sendpacket.constprop.2
                0x000000001780b6a8       0x50 common/built-in.o
 .text.load_serial
                0x000000001780b6f8      0x1e0 common/built-in.o
 .text.do_load_serial
                0x000000001780b8d8       0xdc common/built-in.o
 .text.do_load_serial_bin
                0x000000001780b9b4      0x7b0 common/built-in.o
 .text.do_mem_mw
                0x000000001780c164       0xc0 common/built-in.o
 .text.do_mem_loop
                0x000000001780c224       0xec common/built-in.o
 .text.do_mem_md
                0x000000001780c310       0xec common/built-in.o
 .text.do_mem_cmp
                0x000000001780c3fc      0x16c common/built-in.o
 .text.do_mem_base
                0x000000001780c568       0x40 common/built-in.o
 .text.do_mem_cp
                0x000000001780c5a8       0xd8 common/built-in.o
 .text.do_mem_crc
                0x000000001780c680       0x48 common/built-in.o
 .text.do_mem_mtest
                0x000000001780c6c8      0x204 common/built-in.o
 .text.mod_mem.isra.2
                0x000000001780c8cc      0x164 common/built-in.o
 .text.do_mem_mm
                0x000000001780ca30        0x8 common/built-in.o
 .text.do_mem_nm
                0x000000001780ca38        0x8 common/built-in.o
 .text.miiphy_get_dev_by_name
                0x000000001780ca40       0x60 common/built-in.o
                0x000000001780ca40                miiphy_get_dev_by_name
 .text.miiphy_init
                0x000000001780caa0       0x24 common/built-in.o
                0x000000001780caa0                miiphy_init
 .text.mdio_alloc
                0x000000001780cac4       0x30 common/built-in.o
                0x000000001780cac4                mdio_alloc
 .text.mdio_register
                0x000000001780caf4       0xa0 common/built-in.o
                0x000000001780caf4                mdio_register
 .text.mdio_list_devices
                0x000000001780cb94       0x98 common/built-in.o
                0x000000001780cb94                mdio_list_devices
 .text.miiphy_set_current_dev
                0x000000001780cc2c       0x40 common/built-in.o
                0x000000001780cc2c                miiphy_set_current_dev
 .text.miiphy_get_active_dev
                0x000000001780cc6c       0x54 common/built-in.o
 .text.mdio_get_current_dev
                0x000000001780ccc0       0x10 common/built-in.o
                0x000000001780ccc0                mdio_get_current_dev
 .text.mdio_phydev_for_ethname
                0x000000001780ccd0       0x88 common/built-in.o
                0x000000001780ccd0                mdio_phydev_for_ethname
 .text.miiphy_get_current_dev
                0x000000001780cd58       0x18 common/built-in.o
                0x000000001780cd58                miiphy_get_current_dev
 .text.miiphy_read
                0x000000001780cd70       0x4c common/built-in.o
                0x000000001780cd70                miiphy_read
 .text.miiphy_write
                0x000000001780cdbc       0x40 common/built-in.o
                0x000000001780cdbc                miiphy_write
 .text.miiphy_listdev
                0x000000001780cdfc       0x74 common/built-in.o
                0x000000001780cdfc                miiphy_listdev
 .text.miiphy_info
                0x000000001780ce70       0x88 common/built-in.o
                0x000000001780ce70                miiphy_info
 .text.miiphy_speed
                0x000000001780cef8       0x94 common/built-in.o
                0x000000001780cef8                miiphy_speed
 .text.miiphy_duplex
                0x000000001780cf8c       0x94 common/built-in.o
                0x000000001780cf8c                miiphy_duplex
 .text.miiphy_is_1000base_x
                0x000000001780d020        0x8 common/built-in.o
                0x000000001780d020                miiphy_is_1000base_x
 .text.extract_range
                0x000000001780d028       0xe4 common/built-in.o
 .text.do_mii   0x000000001780d10c      0x7a4 common/built-in.o
 .text.do_mdio  0x000000001780d8b0      0x4b8 common/built-in.o
 .text.do_sleep
                0x000000001780dd68       0x70 common/built-in.o
 .text.do_mmcops
                0x000000001780ddd8       0xb4 common/built-in.o
 .text.init_mmc_device
                0x000000001780de8c       0x54 common/built-in.o
 .text.do_mmc_rescan
                0x000000001780dee0       0x24 common/built-in.o
 .text.do_mmc_rst_func
                0x000000001780df04       0xa0 common/built-in.o
 .text.do_mmc_partconf
                0x000000001780dfa4       0xb4 common/built-in.o
 .text.do_mmc_boot_resize
                0x000000001780e058       0xcc common/built-in.o
 .text.do_mmc_bootbus
                0x000000001780e124       0xb4 common/built-in.o
 .text.do_mmc_hwpartition
                0x000000001780e1d8      0x51c common/built-in.o
 .text.do_mmc_list
                0x000000001780e6f4       0x14 common/built-in.o
 .text.do_mmc_dev
                0x000000001780e708      0x134 common/built-in.o
 .text.do_mmc_part
                0x000000001780e83c       0x5c common/built-in.o
 .text.do_mmc_erase
                0x000000001780e898       0xe8 common/built-in.o
 .text.do_mmc_write
                0x000000001780e980      0x100 common/built-in.o
 .text.do_mmc_read
                0x000000001780ea80       0xec common/built-in.o
 .text.do_mmcinfo
                0x000000001780eb6c      0x370 common/built-in.o
 .text.do_mmc_setdsr
                0x000000001780eedc       0xb0 common/built-in.o
 .text.cpu_cmd  0x000000001780ef8c      0x110 common/built-in.o
 .text.netboot_common
                0x000000001780f09c      0x294 common/built-in.o
 .text.do_bootp
                0x000000001780f330        0xc common/built-in.o
 .text.do_dhcp  0x000000001780f33c        0xc common/built-in.o
 .text.do_nfs   0x000000001780f348        0xc common/built-in.o
 .text.do_tftpb
                0x000000001780f354       0x40 common/built-in.o
                0x000000001780f354                do_tftpb
 .text.do_ping  0x000000001780f394       0x7c common/built-in.o
 .text.get_arg  0x000000001780f410       0x58 common/built-in.o
 .text.do_setexpr
                0x000000001780f468      0x140 common/built-in.o
 .text.do_false
                0x000000001780f5a8        0x8 common/built-in.o
 .text.do_true  0x000000001780f5b0        0x8 common/built-in.o
 .text.do_test  0x000000001780f5b8      0x33c common/built-in.o
 .text.usb_get_class_desc
                0x000000001780f8f4       0xbc common/built-in.o
 .text.usb_display_class_sub
                0x000000001780f9b0      0x170 common/built-in.o
 .text.usb_find_device
                0x000000001780fb20       0x3c common/built-in.o
 .text.usb_show_tree_graph
                0x000000001780fb5c      0x21c common/built-in.o
 .text.usb_display_string
                0x000000001780fd78       0x44 common/built-in.o
 .text.usb_display_config
                0x000000001780fdbc      0x20c common/built-in.o
 .text.do_usbboot
                0x000000001780ffc8        0xc common/built-in.o
 .text.do_usb_start
                0x000000001780ffd4       0x44 common/built-in.o
 .text.usb_display_desc.part.3
                0x0000000017810018      0x12c common/built-in.o
 .text.do_usb   0x0000000017810144      0x780 common/built-in.o
 .text.usb_set_maxpacket_ep
                0x00000000178108c4       0x70 common/built-in.o
 .text.usb_stop
                0x0000000017810934       0x64 common/built-in.o
                0x0000000017810934                usb_stop
 .text.usb_disable_asynch
                0x0000000017810998       0x20 common/built-in.o
                0x0000000017810998                usb_disable_asynch
 .text.usb_control_msg
                0x00000000178109b8       0xc4 common/built-in.o
                0x00000000178109b8                usb_control_msg
 .text.usb_get_descriptor
                0x0000000017810a7c       0x50 common/built-in.o
 .text.usb_get_string
                0x0000000017810acc       0x6c common/built-in.o
 .text.usb_string_sub
                0x0000000017810b38      0x108 common/built-in.o
 .text.usb_bulk_msg
                0x0000000017810c40       0x74 common/built-in.o
                0x0000000017810c40                usb_bulk_msg
 .text.usb_maxpacket
                0x0000000017810cb4       0x1c common/built-in.o
                0x0000000017810cb4                usb_maxpacket
 .text.usb_clear_halt
                0x0000000017810cd0       0x8c common/built-in.o
                0x0000000017810cd0                usb_clear_halt
 .text.usb_get_configuration_no
                0x0000000017810d5c       0xbc common/built-in.o
                0x0000000017810d5c                usb_get_configuration_no
 .text.usb_set_interface
                0x0000000017810e18       0xa8 common/built-in.o
                0x0000000017810e18                usb_set_interface
 .text.usb_string
                0x0000000017810ec0      0x100 common/built-in.o
                0x0000000017810ec0                usb_string
 .text.usb_get_dev_index
                0x0000000017810fc0       0x24 common/built-in.o
                0x0000000017810fc0                usb_get_dev_index
 .text.usb_alloc_new_device
                0x0000000017810fe4       0x94 common/built-in.o
                0x0000000017810fe4                usb_alloc_new_device
 .text.usb_free_device
                0x0000000017811078       0x48 common/built-in.o
                0x0000000017811078                usb_free_device
 .text.usb_alloc_device
                0x00000000178110c0        0x8 common/built-in.o
                0x00000000178110c0                usb_alloc_device
 .text.usb_new_device
                0x00000000178110c8      0x5c8 common/built-in.o
                0x00000000178110c8                usb_new_device
 .text.usb_init
                0x0000000017811690      0x12c common/built-in.o
                0x0000000017811690                usb_init
 .text.usb_set_port_feature
                0x00000000178117bc       0x4c common/built-in.o
 .text.usb_hub_power_on
                0x0000000017811808       0x44 common/built-in.o
 .text.usb_get_port_status
                0x000000001781184c       0x4c common/built-in.o
 .text.usb_clear_port_feature
                0x0000000017811898       0x4c common/built-in.o
 .text.usb_get_hub_descriptor
                0x00000000178118e4       0x50 common/built-in.o
 .text.usb_hub_reset_devices
                0x0000000017811934        0x4 common/built-in.o
                0x0000000017811934                usb_hub_reset_devices
 .text.usb_hub_reset
                0x0000000017811938       0x14 common/built-in.o
                0x0000000017811938                usb_hub_reset
 .text.hub_port_reset
                0x000000001781194c       0x98 common/built-in.o
                0x000000001781194c                hub_port_reset
 .text.usb_hub_port_connect_change
                0x00000000178119e4      0x120 common/built-in.o
                0x00000000178119e4                usb_hub_port_connect_change
 .text.usb_hub_configure
                0x0000000017811b04      0x2d8 common/built-in.o
 .text.usb_hub_probe
                0x0000000017811ddc       0x58 common/built-in.o
                0x0000000017811ddc                usb_hub_probe
 .text.usb_stor_irq
                0x0000000017811e34       0x1c common/built-in.o
 .text.usb_stor_BBB_reset
                0x0000000017811e50       0xd0 common/built-in.o
 .text.usb_stor_CB_reset
                0x0000000017811f20       0xcc common/built-in.o
 .text.usb_stor_BBB_clear_endpt_stall.isra.2
                0x0000000017811fec       0x40 common/built-in.o
 .text.usb_stor_BBB_transport
                0x000000001781202c      0x26c common/built-in.o
 .text.usb_stor_CB_comdat
                0x0000000017812298      0x208 common/built-in.o
 .text.usb_stor_CBI_get_status.isra.4
                0x00000000178124a0       0xc8 common/built-in.o
 .text.usb_stor_CB_transport
                0x0000000017812568      0x228 common/built-in.o
 .text.usb_request_sense.constprop.10
                0x0000000017812790       0x70 common/built-in.o
 .text.usb_stor_write
                0x0000000017812800      0x1cc common/built-in.o
                0x0000000017812800                usb_stor_write
 .text.usb_stor_read
                0x00000000178129cc      0x1cc common/built-in.o
                0x00000000178129cc                usb_stor_read
 .text.usb_stor_get_dev
                0x0000000017812b98       0x28 common/built-in.o
                0x0000000017812b98                usb_stor_get_dev
 .text.usb_stor_info
                0x0000000017812bc0       0x74 common/built-in.o
                0x0000000017812bc0                usb_stor_info
 .text.usb_storage_probe
                0x0000000017812c34      0x208 common/built-in.o
                0x0000000017812c34                usb_storage_probe
 .text.usb_stor_get_info
                0x0000000017812e3c      0x324 common/built-in.o
                0x0000000017812e3c                usb_stor_get_info
 .text.usb_stor_scan
                0x0000000017813160      0x200 common/built-in.o
                0x0000000017813160                usb_stor_scan
 .text.do_imgextract
                0x0000000017813360      0x28c common/built-in.o
 .text.splash_screen_prepare
                0x00000000178135ec        0x8 common/built-in.o
                0x00000000178135ec                splash_screen_prepare
 .text.splash_get_pos
                0x00000000178135f4       0x84 common/built-in.o
                0x00000000178135f4                splash_get_pos
 .text.do_env_delete
                0x0000000017813678       0x9c common/built-in.o
 .text.do_env_exists
                0x0000000017813714       0x64 common/built-in.o
 .text.do_env_save
                0x0000000017813778       0x2c common/built-in.o
 .text.do_env   0x00000000178137a4       0x64 common/built-in.o
 .text.env_print
                0x0000000017813808       0xc0 common/built-in.o
 .text.do_env_print
                0x00000000178138c8       0xc4 common/built-in.o
 .text.do_env_import
                0x000000001781398c      0x28c common/built-in.o
 .text.do_env_default
                0x0000000017813c18       0xa8 common/built-in.o
 .text._do_env_set.isra.1
                0x0000000017813cc0      0x1b8 common/built-in.o
 .text.do_env_set
                0x0000000017813e78       0x1c common/built-in.o
 .text.get_env_id
                0x0000000017813e94       0x10 common/built-in.o
                0x0000000017813e94                get_env_id
 .text.setenv   0x0000000017813ea4       0x58 common/built-in.o
                0x0000000017813ea4                setenv
 .text.setenv_ulong
                0x0000000017813efc       0x20 common/built-in.o
                0x0000000017813efc                setenv_ulong
 .text.setenv_hex
                0x0000000017813f1c       0x34 common/built-in.o
                0x0000000017813f1c                setenv_hex
 .text.do_env_export
                0x0000000017813f50      0x260 common/built-in.o
 .text.envmatch
                0x00000000178141b0       0x6c common/built-in.o
                0x00000000178141b0                envmatch
 .text.getenv_f
                0x000000001781421c       0xc0 common/built-in.o
                0x000000001781421c                getenv_f
 .text.getenv   0x00000000178142dc       0x78 common/built-in.o
                0x00000000178142dc                getenv
 .text.getenv_hex
                0x0000000017814354       0x3c common/built-in.o
                0x0000000017814354                getenv_hex
 .text.getenv_ulong
                0x0000000017814390       0x30 common/built-in.o
                0x0000000017814390                getenv_ulong
 .text.do_env_edit
                0x00000000178143c0       0x78 common/built-in.o
 .text.env_get_char_spec
                0x0000000017814438        0xc common/built-in.o
                0x0000000017814438                env_get_char_spec
 .text.env_get_addr
                0x0000000017814444       0x20 common/built-in.o
                0x0000000017814444                env_get_addr
 .text.env_get_char_memory
                0x0000000017814464       0x10 common/built-in.o
                0x0000000017814464                env_get_char_memory
 .text.env_get_char
                0x0000000017814474       0x30 common/built-in.o
                0x0000000017814474                env_get_char
 .text.getenv_yesno
                0x00000000178144a4       0x40 common/built-in.o
                0x00000000178144a4                getenv_yesno
 .text.getenv_default
                0x00000000178144e4       0x30 common/built-in.o
                0x00000000178144e4                getenv_default
 .text.set_default_env
                0x0000000017814514       0xc0 common/built-in.o
                0x0000000017814514                set_default_env
 .text.set_default_vars
                0x00000000178145d4       0x3c common/built-in.o
                0x00000000178145d4                set_default_vars
 .text.env_import
                0x0000000017814610       0xe0 common/built-in.o
                0x0000000017814610                env_import
 .text.env_export
                0x00000000178146f0       0xa0 common/built-in.o
                0x00000000178146f0                env_export
 .text.env_relocate
                0x0000000017814790       0x30 common/built-in.o
                0x0000000017814790                env_relocate
 .text.env_complete
                0x00000000178147c0       0xdc common/built-in.o
                0x00000000178147c0                env_complete
 .text.console_setfile
                0x000000001781489c       0xc0 common/built-in.o
 .text.serial_printf
                0x000000001781495c       0x4c common/built-in.o
                0x000000001781495c                serial_printf
 .text.puts     0x00000000178149a8       0x34 common/built-in.o
                0x00000000178149a8                puts
 .text.printf   0x00000000178149dc       0x58 common/built-in.o
                0x00000000178149dc                printf
 .text.putc     0x0000000017814a34       0x34 common/built-in.o
                0x0000000017814a34                putc
 .text.fgetc    0x0000000017814a68       0x24 common/built-in.o
                0x0000000017814a68                fgetc
 .text.getc     0x0000000017814a8c       0x24 common/built-in.o
                0x0000000017814a8c                getc
 .text.ftstc    0x0000000017814ab0       0x24 common/built-in.o
                0x0000000017814ab0                ftstc
 .text.tstc     0x0000000017814ad4       0x24 common/built-in.o
                0x0000000017814ad4                tstc
 .text.vprintf  0x0000000017814af8       0x3c common/built-in.o
                0x0000000017814af8                vprintf
 .text.ctrlc    0x0000000017814b34       0x58 common/built-in.o
                0x0000000017814b34                ctrlc
 .text.confirm_yesno
                0x0000000017814b8c       0xd4 common/built-in.o
                0x0000000017814b8c                confirm_yesno
 .text.had_ctrlc
                0x0000000017814c60       0x10 common/built-in.o
                0x0000000017814c60                had_ctrlc
 .text.clear_ctrlc
                0x0000000017814c70       0x14 common/built-in.o
                0x0000000017814c70                clear_ctrlc
 .text.search_device
                0x0000000017814c84       0x28 common/built-in.o
                0x0000000017814c84                search_device
 .text.console_assign
                0x0000000017814cac       0x48 common/built-in.o
                0x0000000017814cac                console_assign
 .text.on_console
                0x0000000017814cf4       0xc0 common/built-in.o
 .text.console_init_f
                0x0000000017814db4       0x10 common/built-in.o
                0x0000000017814db4                console_init_f
 .text.stdio_print_current_devices
                0x0000000017814dc4       0xb0 common/built-in.o
                0x0000000017814dc4                stdio_print_current_devices
 .text.console_init_r
                0x0000000017814e74      0x194 common/built-in.o
                0x0000000017814e74                console_init_r
 .text.sbrk     0x0000000017815008       0x70 common/built-in.o
                0x0000000017815008                sbrk
 .text.mem_malloc_init
                0x0000000017815078       0x34 common/built-in.o
                0x0000000017815078                mem_malloc_init
 .text.malloc_trim
                0x00000000178150ac       0xcc common/built-in.o
                0x00000000178150ac                malloc_trim
 .text.free     0x0000000017815178      0x248 common/built-in.o
                0x0000000017815178                free
 .text.malloc   0x00000000178153c0      0x62c common/built-in.o
                0x00000000178153c0                malloc
 .text.calloc   0x00000000178159ec      0x148 common/built-in.o
                0x00000000178159ec                calloc
 .text.realloc  0x0000000017815b34      0x4d8 common/built-in.o
                0x0000000017815b34                realloc
 .text.memalign
                0x000000001781600c      0x10c common/built-in.o
                0x000000001781600c                memalign
 .text.malloc_simple
                0x0000000017816118       0x30 common/built-in.o
                0x0000000017816118                malloc_simple
 .text.on_loadaddr
                0x0000000017816148       0x38 common/built-in.o
 .text.image_check_hcrc
                0x0000000017816180       0x4c common/built-in.o
                0x0000000017816180                image_check_hcrc
 .text.image_check_dcrc
                0x00000000178161cc       0x38 common/built-in.o
                0x00000000178161cc                image_check_dcrc
 .text.image_multi_count
                0x0000000017816204       0x1c common/built-in.o
                0x0000000017816204                image_multi_count
 .text.image_multi_getimg
                0x0000000017816220       0x80 common/built-in.o
                0x0000000017816220                image_multi_getimg
 .text.getenv_bootm_low
                0x00000000178162a0       0x30 common/built-in.o
                0x00000000178162a0                getenv_bootm_low
 .text.getenv_bootm_size
                0x00000000178162d0       0x5c common/built-in.o
                0x00000000178162d0                getenv_bootm_size
 .text.getenv_bootm_mapsize
                0x000000001781632c       0x30 common/built-in.o
                0x000000001781632c                getenv_bootm_mapsize
 .text.memmove_wd
                0x000000001781635c        0xc common/built-in.o
                0x000000001781635c                memmove_wd
 .text.genimg_print_size
                0x0000000017816368       0x30 common/built-in.o
                0x0000000017816368                genimg_print_size
 .text.get_table_entry_name
                0x0000000017816398       0x2c common/built-in.o
                0x0000000017816398                get_table_entry_name
 .text.genimg_get_os_name
                0x00000000178163c4       0x18 common/built-in.o
                0x00000000178163c4                genimg_get_os_name
 .text.genimg_get_arch_name
                0x00000000178163dc       0x18 common/built-in.o
                0x00000000178163dc                genimg_get_arch_name
 .text.genimg_get_type_name
                0x00000000178163f4       0x18 common/built-in.o
                0x00000000178163f4                genimg_get_type_name
 .text.genimg_get_comp_name
                0x000000001781640c       0x18 common/built-in.o
                0x000000001781640c                genimg_get_comp_name
 .text.image_print_contents
                0x0000000017816424      0x174 common/built-in.o
                0x0000000017816424                image_print_contents
 .text.genimg_get_kernel_addr_fit
                0x0000000017816598       0x24 common/built-in.o
                0x0000000017816598                genimg_get_kernel_addr_fit
 .text.genimg_get_format
                0x00000000178165bc       0x34 common/built-in.o
                0x00000000178165bc                genimg_get_format
 .text.genimg_get_image
                0x00000000178165f0        0x4 common/built-in.o
                0x00000000178165f0                genimg_get_image
 .text.genimg_has_config
                0x00000000178165f4        0x8 common/built-in.o
                0x00000000178165f4                genimg_has_config
 .text.boot_get_ramdisk
                0x00000000178165fc      0x238 common/built-in.o
                0x00000000178165fc                boot_get_ramdisk
 .text.boot_ramdisk_high
                0x0000000017816834      0x13c common/built-in.o
                0x0000000017816834                boot_ramdisk_high
 .text.boot_get_setup
                0x0000000017816970        0x8 common/built-in.o
                0x0000000017816970                boot_get_setup
 .text.image_setup_linux
                0x0000000017816978       0x8c common/built-in.o
                0x0000000017816978                image_setup_linux
 .text.fdt_error
                0x0000000017816a04       0x2c common/built-in.o
 .text.boot_fdt_add_mem_rsv_regions
                0x0000000017816a30       0x88 common/built-in.o
                0x0000000017816a30                boot_fdt_add_mem_rsv_regions
 .text.boot_relocate_fdt
                0x0000000017816ab8      0x194 common/built-in.o
                0x0000000017816ab8                boot_relocate_fdt
 .text.boot_get_fdt
                0x0000000017816c4c      0x2ac common/built-in.o
                0x0000000017816c4c                boot_get_fdt
 .text.ft_verify_fdt
                0x0000000017816ef8        0x8 common/built-in.o
                0x0000000017816ef8                ft_verify_fdt
 .text.image_setup_libfdt
                0x0000000017816f00       0xe8 common/built-in.o
                0x0000000017816f00                image_setup_libfdt
 .text.get_effective_memsize
                0x0000000017816fe8        0x8 common/built-in.o
                0x0000000017816fe8                get_effective_memsize
 .text.nulldev_putc
                0x0000000017816ff0        0x4 common/built-in.o
 .text.nulldev_puts
                0x0000000017816ff4        0x4 common/built-in.o
 .text.nulldev_input
                0x0000000017816ff8        0x8 common/built-in.o
 .text.stdio_serial_tstc
                0x0000000017817000        0x4 common/built-in.o
 .text.stdio_serial_getc
                0x0000000017817004        0x4 common/built-in.o
 .text.stdio_serial_puts
                0x0000000017817008        0x8 common/built-in.o
 .text.stdio_serial_putc
                0x0000000017817010        0x8 common/built-in.o
 .text.stdio_get_list
                0x0000000017817018        0xc common/built-in.o
                0x0000000017817018                stdio_get_list
 .text.stdio_get_by_name
                0x0000000017817024       0x5c common/built-in.o
                0x0000000017817024                stdio_get_by_name
 .text.stdio_clone
                0x0000000017817080       0x38 common/built-in.o
                0x0000000017817080                stdio_clone
 .text.stdio_register_dev
                0x00000000178170b8       0x50 common/built-in.o
                0x00000000178170b8                stdio_register_dev
 .text.stdio_register
                0x0000000017817108        0x8 common/built-in.o
                0x0000000017817108                stdio_register
 .text.stdio_init_tables
                0x0000000017817110       0x1c common/built-in.o
                0x0000000017817110                stdio_init_tables
 .text.stdio_add_devices
                0x000000001781712c       0xd4 common/built-in.o
                0x000000001781712c                stdio_add_devices
 .text.run_command
                0x0000000017817200       0x10 common/built-in.o
                0x0000000017817200                run_command
 .text.run_command_list
                0x0000000017817210       0x5c common/built-in.o
                0x0000000017817210                run_command_list
 .text.do_run   0x000000001781726c       0x78 common/built-in.o
                0x000000001781726c                do_run
 .text.cli_loop
                0x00000000178172e4        0xc common/built-in.o
                0x00000000178172e4                cli_loop
 .text.cli_init
                0x00000000178172f0        0x4 common/built-in.o
                0x00000000178172f0                cli_init
 .text.delete_char.part.0
                0x00000000178172f4       0xd0 common/built-in.o
 .text.cread_add_char
                0x00000000178173c4       0xe8 common/built-in.o
 .text.cli_readline_into_buffer
                0x00000000178174ac      0x9c4 common/built-in.o
                0x00000000178174ac                cli_readline_into_buffer
 .text.cli_readline
                0x0000000017817e70       0x14 common/built-in.o
                0x0000000017817e70                cli_readline
 .text.find_cmd_tbl
                0x0000000017817e84       0xa4 common/built-in.o
                0x0000000017817e84                find_cmd_tbl
 .text.find_cmd
                0x0000000017817f28       0x28 common/built-in.o
                0x0000000017817f28                find_cmd
 .text.cmd_usage
                0x0000000017817f50       0x5c common/built-in.o
                0x0000000017817f50                cmd_usage
 .text._do_help
                0x0000000017817fac      0x180 common/built-in.o
                0x0000000017817fac                _do_help
 .text.var_complete
                0x000000001781812c       0x7c common/built-in.o
                0x000000001781812c                var_complete
 .text.cmd_auto_complete
                0x00000000178181a8      0x4b4 common/built-in.o
                0x00000000178181a8                cmd_auto_complete
 .text.cmd_get_data_size
                0x000000001781865c       0x5c common/built-in.o
                0x000000001781865c                cmd_get_data_size
 .text.cmd_process
                0x00000000178186b8       0xf4 common/built-in.o
                0x00000000178186b8                cmd_process
 .text.cmd_process_error
                0x00000000178187ac       0x34 common/built-in.o
                0x00000000178187ac                cmd_process_error
 .text.hex1_bin
                0x00000000178187e0       0x40 common/built-in.o
 .text.hex2_bin
                0x0000000017818820       0x38 common/built-in.o
 .text.srec_decode
                0x0000000017818858      0x254 common/built-in.o
                0x0000000017818858                srec_decode
 .text.CYGACC_COMM_IF_GETC_TIMEOUT.isra.0
                0x0000000017818aac       0x5c common/built-in.o
 .text.xyzModem_flush
                0x0000000017818b08       0x1c common/built-in.o
 .text.xyzModem_get_hdr
                0x0000000017818b24      0x230 common/built-in.o
 .text.xyzModem_stream_open
                0x0000000017818d54      0x23c common/built-in.o
                0x0000000017818d54                xyzModem_stream_open
 .text.xyzModem_stream_read
                0x0000000017818f90      0x258 common/built-in.o
                0x0000000017818f90                xyzModem_stream_read
 .text.xyzModem_stream_close
                0x00000000178191e8       0x54 common/built-in.o
                0x00000000178191e8                xyzModem_stream_close
 .text.xyzModem_stream_terminate
                0x000000001781923c       0x94 common/built-in.o
                0x000000001781923c                xyzModem_stream_terminate
 .text.xyzModem_error
                0x00000000178192d0       0x20 common/built-in.o
                0x00000000178192d0                xyzModem_error
 .text.common_diskboot
                0x00000000178192f0      0x238 common/built-in.o
                0x00000000178192f0                common_diskboot
 .text.get_dev_hwpart
                0x0000000017819528       0xb0 disk/built-in.o
 .text.dev_print
                0x00000000178195d8      0x204 disk/built-in.o
                0x00000000178195d8                dev_print
 .text.init_part
                0x00000000178197dc       0x20 disk/built-in.o
                0x00000000178197dc                init_part
 .text.print_part
                0x00000000178197fc       0xf4 disk/built-in.o
                0x00000000178197fc                print_part
 .text.get_partition_info
                0x00000000178198f0       0x2c disk/built-in.o
                0x00000000178198f0                get_partition_info
 .text.get_device
                0x000000001781991c      0x114 disk/built-in.o
                0x000000001781991c                get_device
 .text.get_device_and_partition
                0x0000000017819a30      0x440 disk/built-in.o
                0x0000000017819a30                get_device_and_partition
 .text.test_block_type
                0x0000000017819e70       0x84 disk/built-in.o
 .text.print_partition_extended
                0x0000000017819ef4      0x278 disk/built-in.o
 .text.get_partition_info_extended.constprop.2
                0x000000001781a16c      0x2d4 disk/built-in.o
 .text.test_part_dos
                0x000000001781a440       0x64 disk/built-in.o
                0x000000001781a440                test_part_dos
 .text.print_part_dos
                0x000000001781a4a4       0x34 disk/built-in.o
                0x000000001781a4a4                print_part_dos
 .text.get_partition_info_dos
                0x000000001781a4d8       0x20 disk/built-in.o
                0x000000001781a4d8                get_partition_info_dos
 .text.device_bind
                0x000000001781a4f8      0x268 drivers/built-in.o
                0x000000001781a4f8                device_bind
 .text.device_bind_by_name
                0x000000001781a760       0x5c drivers/built-in.o
                0x000000001781a760                device_bind_by_name
 .text.device_probe
                0x000000001781a7bc        0x8 drivers/built-in.o
                0x000000001781a7bc                device_probe
 .text.device_probe_child
                0x000000001781a7c4      0x208 drivers/built-in.o
                0x000000001781a7c4                device_probe_child
 .text.dev_get_platdata
                0x000000001781a9cc       0x34 drivers/built-in.o
                0x000000001781a9cc                dev_get_platdata
 .text.dev_get_priv
                0x000000001781aa00       0x34 drivers/built-in.o
                0x000000001781aa00                dev_get_priv
 .text.lists_driver_lookup_name
                0x000000001781aa34       0x4c drivers/built-in.o
                0x000000001781aa34                lists_driver_lookup_name
 .text.lists_uclass_lookup
                0x000000001781aa80       0x3c drivers/built-in.o
                0x000000001781aa80                lists_uclass_lookup
 .text.lists_bind_drivers
                0x000000001781aabc       0x88 drivers/built-in.o
                0x000000001781aabc                lists_bind_drivers
 .text.dm_root  0x000000001781ab44       0x28 drivers/built-in.o
                0x000000001781ab44                dm_root
 .text.dm_init  0x000000001781ab6c       0x58 drivers/built-in.o
                0x000000001781ab6c                dm_init
 .text.dm_scan_platdata
                0x000000001781abc4       0x2c drivers/built-in.o
                0x000000001781abc4                dm_scan_platdata
 .text.dm_scan_other
                0x000000001781abf0        0x8 drivers/built-in.o
                0x000000001781abf0                dm_scan_other
 .text.dm_init_and_scan
                0x000000001781abf8       0x30 drivers/built-in.o
                0x000000001781abf8                dm_init_and_scan
 .text.uclass_find
                0x000000001781ac28       0x4c drivers/built-in.o
                0x000000001781ac28                uclass_find
 .text.uclass_get
                0x000000001781ac74      0x134 drivers/built-in.o
                0x000000001781ac74                uclass_get
 .text.uclass_find_device
                0x000000001781ada8       0x68 drivers/built-in.o
                0x000000001781ada8                uclass_find_device
 .text.uclass_find_device_by_seq
                0x000000001781ae10       0x7c drivers/built-in.o
                0x000000001781ae10                uclass_find_device_by_seq
 .text.uclass_get_device
                0x000000001781ae8c       0x3c drivers/built-in.o
                0x000000001781ae8c                uclass_get_device
 .text.uclass_bind_device
                0x000000001781aec8       0xa4 drivers/built-in.o
                0x000000001781aec8                uclass_bind_device
 .text.uclass_unbind_device
                0x000000001781af6c       0x50 drivers/built-in.o
                0x000000001781af6c                uclass_unbind_device
 .text.uclass_resolve_seq
                0x000000001781afbc       0xb0 drivers/built-in.o
                0x000000001781afbc                uclass_resolve_seq
 .text.uclass_pre_probe_child
                0x000000001781b06c       0x2c drivers/built-in.o
                0x000000001781b06c                uclass_pre_probe_child
 .text.uclass_post_probe_device
                0x000000001781b098       0x20 drivers/built-in.o
                0x000000001781b098                uclass_post_probe_device
 .text.uclass_pre_remove_device
                0x000000001781b0b8       0x5c drivers/built-in.o
                0x000000001781b0b8                uclass_pre_remove_device
 .text.dm_warn  0x000000001781b114       0x28 drivers/built-in.o
                0x000000001781b114                dm_warn
 .text.device_free
                0x000000001781b13c       0x90 drivers/built-in.o
                0x000000001781b13c                device_free
 .text.device_remove
                0x000000001781b1cc      0x138 drivers/built-in.o
                0x000000001781b1cc                device_remove
 .text.finish_access
                0x000000001781b304       0x2c drivers/built-in.o
 .text.prepare_access
                0x000000001781b330       0x8c drivers/built-in.o
 .text.set_timing
                0x000000001781b3bc       0xb8 drivers/built-in.o
 .text.fuse_bank_physical
                0x000000001781b474       0x78 drivers/built-in.o
                0x000000001781b474                fuse_bank_physical
 .text.fuse_read
                0x000000001781b4ec       0x74 drivers/built-in.o
                0x000000001781b4ec                fuse_read
 .text.fuse_sense
                0x000000001781b560       0xac drivers/built-in.o
                0x000000001781b560                fuse_sense
 .text.fuse_prog
                0x000000001781b60c       0xa8 drivers/built-in.o
                0x000000001781b60c                fuse_prog
 .text.fuse_override
                0x000000001781b6b4       0x6c drivers/built-in.o
                0x000000001781b6b4                fuse_override
 .text.video_drawchars
                0x000000001781b720      0x44c drivers/built-in.o
 .text.draw_bitmap
                0x000000001781bb6c       0xdc drivers/built-in.o
 .text.console_newline.constprop.1
                0x000000001781bc48       0xe0 drivers/built-in.o
 .text.video_putc
                0x000000001781bd28      0x194 drivers/built-in.o
 .text.video_puts
                0x000000001781bebc       0x7c drivers/built-in.o
 .text.board_cfb_skip
                0x000000001781bf38        0x8 drivers/built-in.o
                0x000000001781bf38                board_cfb_skip
 .text.video_set_lut
                0x000000001781bf40        0x8 drivers/built-in.o
                0x000000001781bf44                video_set_lut
 .text.display_rle8_bitmap
                0x000000001781bf48      0x348 drivers/built-in.o
 .text.plot_logo_or_black
                0x000000001781c290      0x268 drivers/built-in.o
 .text.do_clrlogo
                0x000000001781c4f8       0x58 drivers/built-in.o
 .text.video_display_bitmap
                0x000000001781c550      0x988 drivers/built-in.o
                0x000000001781c550                video_display_bitmap
 .text.video_clear
                0x000000001781ced8       0x54 drivers/built-in.o
                0x000000001781ced8                video_clear
 .text.drv_video_init
                0x000000001781cf2c      0x448 drivers/built-in.o
                0x000000001781cf2c                drv_video_init
 .text.mxcfb_map_video_memory
                0x000000001781d374       0x88 drivers/built-in.o
 .text.ipuv3_fb_shutdown
                0x000000001781d3fc       0x60 drivers/built-in.o
                0x000000001781d3fc                ipuv3_fb_shutdown
 .text.video_hw_init
                0x000000001781d45c      0x5cc drivers/built-in.o
                0x000000001781d45c                video_hw_init
 .text.ipuv3_fb_init
                0x000000001781da28       0x2c drivers/built-in.o
                0x000000001781da28                ipuv3_fb_init
 .text.clk_ipu_enable
                0x000000001781da54       0x20 drivers/built-in.o
 .text.clk_ipu_disable
                0x000000001781da74       0x1c drivers/built-in.o
 .text.clk_ldb_clk_enable
                0x000000001781da90       0x20 drivers/built-in.o
 .text.clk_ldb_clk_disable
                0x000000001781dab0       0x1c drivers/built-in.o
 .text.ipu_pixel_clk_enable
                0x000000001781dacc       0x28 drivers/built-in.o
 .text.ipu_pixel_clk_disable
                0x000000001781daf4       0x24 drivers/built-in.o
 .text.ipu_pixel_clk_round_rate
                0x000000001781db18      0x118 drivers/built-in.o
 .text.ipu_pixel_clk_set_rate
                0x000000001781dc30       0xe8 drivers/built-in.o
 .text.ipu_pixel_clk_recalc
                0x000000001781dd18       0x7c drivers/built-in.o
 .text.ipu_pixel_clk_set_parent
                0x000000001781dd94       0x84 drivers/built-in.o
 .text.clk_enable
                0x000000001781de18       0x24 drivers/built-in.o
                0x000000001781de18                clk_enable
 .text.clk_disable
                0x000000001781de3c       0x30 drivers/built-in.o
                0x000000001781de3c                clk_disable
 .text.clk_get_usecount
                0x000000001781de6c        0xc drivers/built-in.o
                0x000000001781de6c                clk_get_usecount
 .text.clk_get_rate
                0x000000001781de78        0xc drivers/built-in.o
                0x000000001781de78                clk_get_rate
 .text.clk_get_parent
                0x000000001781de84        0xc drivers/built-in.o
                0x000000001781de84                clk_get_parent
 .text.clk_set_rate
                0x000000001781de90       0x24 drivers/built-in.o
                0x000000001781de90                clk_set_rate
 .text.clk_round_rate
                0x000000001781deb4       0x20 drivers/built-in.o
                0x000000001781deb4                clk_round_rate
 .text.clk_set_parent
                0x000000001781ded4       0x1c drivers/built-in.o
                0x000000001781ded4                clk_set_parent
 .text.ipu_probe
                0x000000001781def0      0x158 drivers/built-in.o
                0x000000001781def0                ipu_probe
 .text.ipu_dump_registers
                0x000000001781e048        0x4 drivers/built-in.o
                0x000000001781e048                ipu_dump_registers
 .text.ipu_init_channel
                0x000000001781e04c      0x1fc drivers/built-in.o
                0x000000001781e04c                ipu_init_channel
 .text.ipu_uninit_channel
                0x000000001781e248      0x220 drivers/built-in.o
                0x000000001781e248                ipu_uninit_channel
 .text.ipu_enable_channel
                0x000000001781e468       0xe8 drivers/built-in.o
                0x000000001781e468                ipu_enable_channel
 .text.ipu_clear_buffer_ready
                0x000000001781e550       0x7c drivers/built-in.o
                0x000000001781e550                ipu_clear_buffer_ready
 .text.ipu_disable_channel
                0x000000001781e5cc      0x198 drivers/built-in.o
                0x000000001781e5cc                ipu_disable_channel
 .text.bytes_per_pixel
                0x000000001781e764       0xec drivers/built-in.o
                0x000000001781e764                bytes_per_pixel
 .text.ipu_init_channel_buffer
                0x000000001781e850      0x5c0 drivers/built-in.o
                0x000000001781e850                ipu_init_channel_buffer
 .text.format_to_colorspace
                0x000000001781ee10       0xc4 drivers/built-in.o
                0x000000001781ee10                format_to_colorspace
 .text.ipu_dc_map_config
                0x000000001781eed4       0x70 drivers/built-in.o
 .text.rgb_to_yuv
                0x000000001781ef44       0x70 drivers/built-in.o
 .text.ipu_dc_link_event
                0x000000001781efb4      0x170 drivers/built-in.o
 .text.ipu_dp_csc_setup.isra.0
                0x000000001781f124      0x100 drivers/built-in.o
 .text.ipu_di_sync_config.constprop.3
                0x000000001781f224       0xf0 drivers/built-in.o
 .text.ipu_dmfc_init
                0x000000001781f314      0x158 drivers/built-in.o
                0x000000001781f314                ipu_dmfc_init
 .text.ipu_dmfc_set_wait4eot
                0x000000001781f46c      0x130 drivers/built-in.o
                0x000000001781f46c                ipu_dmfc_set_wait4eot
 .text.ipu_dp_init
                0x000000001781f59c      0x1f8 drivers/built-in.o
                0x000000001781f59c                ipu_dp_init
 .text.ipu_dp_uninit
                0x000000001781f794       0x7c drivers/built-in.o
                0x000000001781f794                ipu_dp_uninit
 .text.ipu_dc_init
                0x000000001781f810      0x2d0 drivers/built-in.o
                0x000000001781f810                ipu_dc_init
 .text.ipu_dc_uninit
                0x000000001781fae0      0x1b4 drivers/built-in.o
                0x000000001781fae0                ipu_dc_uninit
 .text.ipu_dp_dc_enable
                0x000000001781fc94      0x1c4 drivers/built-in.o
                0x000000001781fc94                ipu_dp_dc_enable
 .text.ipu_dp_dc_disable
                0x000000001781fe58      0x31c drivers/built-in.o
                0x000000001781fe58                ipu_dp_dc_disable
 .text.ipu_init_dc_mappings
                0x0000000017820174      0x184 drivers/built-in.o
                0x0000000017820174                ipu_init_dc_mappings
 .text.ipu_init_sync_panel
                0x00000000178202f8      0x7c4 drivers/built-in.o
                0x00000000178202f8                ipu_init_sync_panel
 .text.ipu_disp_set_global_alpha
                0x0000000017820abc      0x100 drivers/built-in.o
                0x0000000017820abc                ipu_disp_set_global_alpha
 .text.ipu_disp_set_color_key
                0x0000000017820bbc      0x1a4 drivers/built-in.o
                0x0000000017820bbc                ipu_disp_set_color_key
 .text.reset_cpu
                0x0000000017820d60       0x28 drivers/built-in.o
                0x0000000017820d60                reset_cpu
 .text.thermal_get_temp
                0x0000000017820d88       0x20 drivers/built-in.o
                0x0000000017820d88                thermal_get_temp
 .text.read_cpu_temperature
                0x0000000017820da8      0x144 drivers/built-in.o
 .text.imx_thermal_get_temp
                0x0000000017820eec       0x48 drivers/built-in.o
                0x0000000017820eec                imx_thermal_get_temp
 .text.imx_thermal_probe
                0x0000000017820f34       0x7c drivers/built-in.o
 .text.gpio_set_value
                0x0000000017820fb0       0x44 drivers/gpio/built-in.o
                0x0000000017820fb0                gpio_set_value
 .text.gpio_get_value
                0x0000000017820ff4       0x34 drivers/gpio/built-in.o
                0x0000000017820ff4                gpio_get_value
 .text.gpio_request
                0x0000000017821028       0x10 drivers/gpio/built-in.o
                0x0000000017821028                gpio_request
 .text.gpio_free
                0x0000000017821038        0x8 drivers/gpio/built-in.o
                0x0000000017821038                gpio_free
 .text.gpio_direction_input
                0x0000000017821040       0x3c drivers/gpio/built-in.o
                0x0000000017821040                gpio_direction_input
 .text.gpio_direction_output
                0x000000001782107c       0x50 drivers/gpio/built-in.o
                0x000000001782107c                gpio_direction_output
 .text.i2c_get_adapter
                0x00000000178210cc       0x64 drivers/i2c/built-in.o
                0x00000000178210cc                i2c_get_adapter
 .text.i2c_init_bus
                0x0000000017821130       0x90 drivers/i2c/built-in.o
 .text.i2c_get_bus_num
                0x00000000178211c0        0x8 drivers/i2c/built-in.o
                0x00000000178211c0                i2c_get_bus_num
 .text.i2c_set_bus_num
                0x00000000178211c8       0xbc drivers/i2c/built-in.o
                0x00000000178211c8                i2c_set_bus_num
 .text.i2c_init_all
                0x0000000017821284       0x14 drivers/i2c/built-in.o
                0x0000000017821284                i2c_init_all
 .text.i2c_probe
                0x0000000017821298       0x2c drivers/i2c/built-in.o
                0x0000000017821298                i2c_probe
 .text.i2c_read
                0x00000000178212c4       0x4c drivers/i2c/built-in.o
                0x00000000178212c4                i2c_read
 .text.i2c_write
                0x0000000017821310       0x4c drivers/i2c/built-in.o
                0x0000000017821310                i2c_write
 .text.i2c_set_bus_speed
                0x000000001782135c       0x64 drivers/i2c/built-in.o
                0x000000001782135c                i2c_set_bus_speed
 .text.i2c_get_bus_speed